{
  "data": {
    "createArtifact": {
      "ok": true,
      "error": "",
      "message": "Artifact successfully uploaded for repository demo-python on commit d3401b650b2b3f1c2b4008dfd934d00bf3590b78."
    }
  }
}
