// Jest Snapshot v1, https://goo.gl/fbAQLP

exports[`renders ChartContainer 1`] = `
"<div class=\\"rounded-lg border border-ink-200 py-4 min-h-96 grid grid-cols-1\\">
  <div class=\\"flex flex-col-reverse gap-y-4 px-5 md:flex-row\\">
    <div class=\\"grid grid-cols-repeat-6 gap-10 flex-grow\\"></div>
    <div class=\\"flex-shrink-0\\"></div>
  </div>
</div>"
`;
