// Jest Snapshot v1, https://goo.gl/fbAQLP

exports[`renders SeverityCounts with all prop options: {"high":1,"low":2,"medium":0} 1`] = `
"<div class=\\"flex gap-x-12 text-xs font-semibold\\">
  <chartstat-stub title=\\"critical\\">
    <div class=\\"flex items-center gap-x-2\\">
      <zicon-stub icon=\\"issue-critical\\" color=\\"cherry\\" size=\\"x-small\\"></zicon-stub> <span class=\\"text-xs font-semibold\\">1</span>
    </div>
  </chartstat-stub>
  <chartstat-stub title=\\"major\\">
    <div class=\\"flex items-center gap-x-2\\">
      <zicon-stub icon=\\"issue-major\\" color=\\"honey\\" size=\\"x-small\\"></zicon-stub> <span class=\\"text-xs font-semibold\\">0</span>
    </div>
  </chartstat-stub>
  <chartstat-stub title=\\"minor\\">
    <div class=\\"flex items-center gap-x-2\\">
      <zicon-stub icon=\\"issue-minor\\" color=\\"vanilla-400\\" size=\\"x-small\\"></zicon-stub> <span class=\\"text-xs font-semibold\\">2</span>
    </div>
  </chartstat-stub>
</div>"
`;
