// Jest Snapshot v1, https://goo.gl/fbAQLP

exports[`renders 'RunSelector' with all prop options: {"branchRuns":[{"createdAt":"2020-10-06T18:04:49.130974+00:00","runId":"e9571778-2429-4c70-ae50-10aef6d9dc1b","status":"TIMO","branchName":"autofix-backend","commitOid":"2ee7bb5b5b4225f19f69ace7892fe484231981f4","finishedIn":66,"vcsCommitUrl":"https://github.com/deepsourcelabs/asgard/commit/2ee7bb5b5b4225f19f69ace7892fe484231981f4","gitCompareDisplay":"a8935a7..2ee7bb5","pullRequestNumberDisplay":"#1708","issuesRaisedCount":15,"issuesResolvedNum":4},{"createdAt":"2020-10-06T18:04:49.130974+00:00","runId":"1985bb72-ba8c-4620-be85-030e89319067","status":"FAIL","branchName":"autofix-pr-frontend","commitOid":"44900d0366d0fb57a56c54fc0f6075bda7873d9b","finishedIn":223,"vcsCommitUrl":"https://github.com/deepsourcelabs/asgard/commit/44900d0366d0fb57a56c54fc0f6075bda7873d9b","gitCompareDisplay":"0028570..44900d0","pullRequestNumberDisplay":"#1904","issuesRaisedCount":182,"issuesResolvedNum":0},{"createdAt":"2020-10-06T18:04:49.130974+00:00","runId":"200cd792-bd43-49eb-8ad4-0ce9280b966d","status":"FAIL","branchName":"autofix-pr-frontend","commitOid":"8e24cc562a8f1cfec6d12e6ef2fac7a8088a3dd8","finishedIn":219,"vcsCommitUrl":"https://github.com/deepsourcelabs/asgard/commit/8e24cc562a8f1cfec6d12e6ef2fac7a8088a3dd8","gitCompareDisplay":"0028570..8e24cc5","pullRequestNumberDisplay":"#1904","issuesRaisedCount":182,"issuesResolvedNum":0},{"createdAt":"2020-10-06T18:04:49.130974+00:00","runId":"9822ac4e-6584-4e25-a685-1f704208178d","status":"TIMO","branchName":"654-rbac","commitOid":"eaa4bc6bd07e52e64810a7e63d3443617c29b171","finishedIn":161,"vcsCommitUrl":"https://github.com/deepsourcelabs/asgard/commit/eaa4bc6bd07e52e64810a7e63d3443617c29b171","gitCompareDisplay":"a8935a7..eaa4bc6","pullRequestNumberDisplay":"#1888","issuesRaisedCount":9,"issuesResolvedNum":2},{"createdAt":"2020-10-06T18:04:49.130974+00:00","runId":"25f3c276-5675-41df-946e-0104fb951a3c","status":"TIMO","branchName":"654-rbac","commitOid":"35d7e86026fcae77f5d98dddbb7624aef94da44f","finishedIn":130,"vcsCommitUrl":"https://github.com/deepsourcelabs/asgard/commit/35d7e86026fcae77f5d98dddbb7624aef94da44f","gitCompareDisplay":"a8935a7..35d7e86","pullRequestNumberDisplay":"#1888","issuesRaisedCount":7,"issuesResolvedNum":2},{"createdAt":"2020-10-06T18:04:49.130974+00:00","runId":"25f3c276-5675-41df-946e-0104fb951a57","status":"SKIP","branchName":"234-rbac","commitOid":"35d7e86026fcae77f5d98dddbb7624aef94da44f","finishedIn":0,"vcsCommitUrl":"https://github.com/deepsourcelabs/asgard/commit/35d7e86026fcae77f5d98dddbb7624aef94da44f","gitCompareDisplay":"a8935a7..35d7e86","pullRequestNumberDisplay":"#1888","issuesRaisedCount":0,"issuesResolvedNum":0}]} 1`] = `
"<zmenu-stub direction=\\"right\\" placement=\\"bottom\\" size=\\"base\\" width=\\"2x-large\\" bodyspacing=\\"\\" triggerlabel=\\"Menu\\" itemszclass=\\"z-10\\">
  <zmenusection-stub class=\\"hide-scroll max-h-52 divide-y divide-ink-200 overflow-y-auto rounded-md border border-slate-400\\">
    <zmenuitem-stub as=\\"nuxt-link\\" closeonclick=\\"true\\" spacing=\\"p-3\\" to=\\"/gh/deepsourcelabs/bifr/run/ajsidjioadjoiawjd\\" class=\\"bg-ink-300 p-4\\">
      <div class=\\"flex flex-col gap-y-2.5\\">
        <div class=\\"flex items-center gap-x-1.5\\">
          <zicon-stub icon=\\"timer\\" size=\\"small\\" position=\\"\\" color=\\"honey\\" class=\\"mt-px\\"></zicon-stub>
          <div class=\\"max-w-xs truncate text-sm font-medium leading-6 text-vanilla-100\\">
            autofix-backend
          </div>
        </div>
        <div class=\\"flex flex-wrap gap-x-4 pl-6\\">
          <!---->
          <meta-data-item icon=\\"git-commit\\">
            2ee7bb5
          </meta-data-item>
          <meta-data-item icon=\\"double-exclamation\\" icon-color=\\"cherry\\" size=\\"small\\" spacing=\\"space-x-0\\">
            15
          </meta-data-item>
          <!---->
        </div>
      </div>
    </zmenuitem-stub>
    <zmenuitem-stub as=\\"nuxt-link\\" closeonclick=\\"true\\" spacing=\\"p-3\\" to=\\"/gh/deepsourcelabs/bifr/run/ajsidjioadjoiawjd\\" class=\\"bg-ink-300 p-4\\">
      <div class=\\"flex flex-col gap-y-2.5\\">
        <div class=\\"flex items-center gap-x-1.5\\">
          <zicon-stub icon=\\"x\\" size=\\"small\\" position=\\"\\" color=\\"cherry\\" class=\\"mt-px\\"></zicon-stub>
          <div class=\\"max-w-xs truncate text-sm font-medium leading-6 text-vanilla-100\\">
            autofix-pr-frontend
          </div>
        </div>
        <div class=\\"flex flex-wrap gap-x-4 pl-6\\">
          <!---->
          <meta-data-item icon=\\"git-commit\\">
            44900d0
          </meta-data-item>
          <meta-data-item icon=\\"double-exclamation\\" icon-color=\\"cherry\\" size=\\"small\\" spacing=\\"space-x-0\\">
            182
          </meta-data-item>
          <!---->
        </div>
      </div>
    </zmenuitem-stub>
    <zmenuitem-stub as=\\"nuxt-link\\" closeonclick=\\"true\\" spacing=\\"p-3\\" to=\\"/gh/deepsourcelabs/bifr/run/ajsidjioadjoiawjd\\" class=\\"bg-ink-300 p-4\\">
      <div class=\\"flex flex-col gap-y-2.5\\">
        <div class=\\"flex items-center gap-x-1.5\\">
          <zicon-stub icon=\\"x\\" size=\\"small\\" position=\\"\\" color=\\"cherry\\" class=\\"mt-px\\"></zicon-stub>
          <div class=\\"max-w-xs truncate text-sm font-medium leading-6 text-vanilla-100\\">
            autofix-pr-frontend
          </div>
        </div>
        <div class=\\"flex flex-wrap gap-x-4 pl-6\\">
          <!---->
          <meta-data-item icon=\\"git-commit\\">
            8e24cc5
          </meta-data-item>
          <meta-data-item icon=\\"double-exclamation\\" icon-color=\\"cherry\\" size=\\"small\\" spacing=\\"space-x-0\\">
            182
          </meta-data-item>
          <!---->
        </div>
      </div>
    </zmenuitem-stub>
    <zmenuitem-stub as=\\"nuxt-link\\" closeonclick=\\"true\\" spacing=\\"p-3\\" to=\\"/gh/deepsourcelabs/bifr/run/ajsidjioadjoiawjd\\" class=\\"bg-ink-300 p-4\\">
      <div class=\\"flex flex-col gap-y-2.5\\">
        <div class=\\"flex items-center gap-x-1.5\\">
          <zicon-stub icon=\\"timer\\" size=\\"small\\" position=\\"\\" color=\\"honey\\" class=\\"mt-px\\"></zicon-stub>
          <div class=\\"max-w-xs truncate text-sm font-medium leading-6 text-vanilla-100\\">
            654-rbac
          </div>
        </div>
        <div class=\\"flex flex-wrap gap-x-4 pl-6\\">
          <!---->
          <meta-data-item icon=\\"git-commit\\">
            eaa4bc6
          </meta-data-item>
          <meta-data-item icon=\\"double-exclamation\\" icon-color=\\"cherry\\" size=\\"small\\" spacing=\\"space-x-0\\">
            9
          </meta-data-item>
          <!---->
        </div>
      </div>
    </zmenuitem-stub>
    <zmenuitem-stub as=\\"nuxt-link\\" closeonclick=\\"true\\" spacing=\\"p-3\\" to=\\"/gh/deepsourcelabs/bifr/run/ajsidjioadjoiawjd\\" class=\\"bg-ink-300 p-4\\">
      <div class=\\"flex flex-col gap-y-2.5\\">
        <div class=\\"flex items-center gap-x-1.5\\">
          <zicon-stub icon=\\"timer\\" size=\\"small\\" position=\\"\\" color=\\"honey\\" class=\\"mt-px\\"></zicon-stub>
          <div class=\\"max-w-xs truncate text-sm font-medium leading-6 text-vanilla-100\\">
            654-rbac
          </div>
        </div>
        <div class=\\"flex flex-wrap gap-x-4 pl-6\\">
          <!---->
          <meta-data-item icon=\\"git-commit\\">
            35d7e86
          </meta-data-item>
          <meta-data-item icon=\\"double-exclamation\\" icon-color=\\"cherry\\" size=\\"small\\" spacing=\\"space-x-0\\">
            7
          </meta-data-item>
          <!---->
        </div>
      </div>
    </zmenuitem-stub>
    <zmenuitem-stub as=\\"div\\" disabled=\\"true\\" closeonclick=\\"true\\" spacing=\\"p-3\\" class=\\"bg-ink-300 p-4 cursor-not-allowed\\">
      <div class=\\"flex flex-col gap-y-2.5\\">
        <div class=\\"flex items-center gap-x-1.5\\">
          <zicon-stub icon=\\"circle-slash\\" size=\\"small\\" position=\\"\\" color=\\"slate-200\\" class=\\"mt-px\\"></zicon-stub>
          <div class=\\"max-w-xs truncate text-sm font-medium leading-6 text-vanilla-100\\">
            234-rbac
          </div>
        </div>
        <div class=\\"flex flex-wrap gap-x-4 pl-6\\"><span class=\\"rounded-full bg-ink-200 px-1.5 pt-0.5 pb-px text-xxs uppercase leading-tight text-vanilla-400\\">
              Skipped
            </span>
          <meta-data-item icon=\\"git-commit\\">
            35d7e86
          </meta-data-item>
          <!---->
          <!---->
        </div>
      </div>
    </zmenuitem-stub>
  </zmenusection-stub>
</zmenu-stub>"
`;
