// Jest Snapshot v1, https://goo.gl/fbAQLP

exports[`[[ UpgradeToEnterprise ]] renders correctly with all props 1`] = `
"<div class=\\"juniper-highlight-card\\">
  <div class=\\"space-y-1.5\\">
    <p class=\\"text-sm leading-4 text-juniper-300\\">Security features are on the Enterprise plan</p>
    <p class=\\"text-xs leading-6 text-juniper-150\\">
      Upgrade to Enterprise to access security features like configuring SSO for your workspace.
    </p>
  </div>
  <zbutton-stub button-type=\\"primary\\" icon=\\"zap\\" label=\\"Update plan\\" size=\\"small\\" to=\\"/schedule-demo/\\" target=\\"_blank\\" rel=\\"noopener noreferrer\\"></zbutton-stub>
</div>"
`;
