// Jest Snapshot v1, https://goo.gl/fbAQLP

exports[`[[ RecommendedIssues ]] renders \`RecommendedIssues\` with all prop combinations 1`] = `
"<section class=\\"flex flex-col justify-between\\">
  <div class=\\"grid grid-cols-1 gap-2 md:grid-cols-2 md:gap-0 lg:grid-cols-3 xl:grid-cols-4 2xl:grid-cols-5 pb-3 pt-0\\">
    <div class=\\"col-span-full text-vanilla-100\\">
      <div class=\\"flex h-full items-center space-x-2\\"><span class=\\"text-base font-semibold tracking-snug\\">Recommended issues</span>
        <!---->
      </div>
    </div>
    <!---->
  </div>
  <div class=\\"flex-grow p-0\\">
    <div class=\\"space-y-3\\">
      <autofixfilechooser-stub repo-params=\\"[object Object]\\"></autofixfilechooser-stub>
      <!---->
    </div>
  </div>
  <div></div>
</section>"
`;
