// Jest Snapshot v1, https://goo.gl/fbAQLP

exports[`renders IgnoredRule with all prop options: {"rule":{"silenceLevel":"RL","id":"U2lsZW5jZVJ1bGU6eXp5bHZi","filePath":null,"createdAt":"2022-03-14T11:50:48.350324+00:00","metadata":{"type":"test-pattern"},"issue":{"shortcode":"PYL-W0621","title":"Re-defined variable from outer scope","analyzer":{"shortcode":"python"}},"creator":{"firstName":"Vaibhav","lastName":"","email":"vaibhav@deepsource.io","avatar":"/static/dashboard/images/empty-avatar.svg"}},"verticalPadding":"pb-4"} 1`] = `
"<div to=\\"\\" class=\\"group block\\">
  <!---->
  <div class=\\"flex w-full flex-1 flex-wrap\\">
    <div class=\\"space-y-1 border-slate-400 text-sm text-vanilla-400 w-full md:w-4/5 pb-4\\">
      <div class=\\"flex items-center space-x-2 text-base font-semibold text-vanilla-200\\">
        <p class=\\"text-sm font-normal\\"><a target=\\"_blank\\" rel=\\"noopener noreferrer\\"><span class=\\"font-bold text-juniper hover:underline\\">PYL-W0621</span></a> <span>Ignored</span> <span>
        for all test files in the repository
      </span> <span class=\\"font-semibold text-vanilla-100\\"></span></p>
      </div>
      <div class=\\"flex gap-x-4 text-xs\\"><span class=\\"flex items-center gap-x-1\\"><img src=\\"/static/dashboard/images/empty-avatar.svg\\" alt=\\"Creator Avatar\\" class=\\"inline-block h-4 w-4 overflow-hidden rounded-full\\"> <span class=\\"text-vanilla-400\\">vaibhav@deepsource.io</span></span> <span class=\\"flex items-center gap-x-2 leading-none\\"><zicon-stub icon=\\"clock\\" color=\\"vanilla-400\\" size=\\"small\\"></zicon-stub> <span class=\\"text-vanilla-400\\">Added 30 minutes ago</span></span></div>
    </div>
    <div class=\\"hidden w-full md:block md:w-1/5\\">
      <div class=\\"mt-1 flex h-full justify-end\\">
        <zbutton-stub size=\\"small\\" button-type=\\"ghost\\" icon=\\"trash-2\\" color=\\"cherry\\" class=\\"v-popper--has-tooltip\\"></zbutton-stub>
      </div>
    </div>
  </div>
</div>"
`;
