// Jest Snapshot v1, https://goo.gl/fbAQLP

exports[`[[ TimelineItemV2Loading ]] renders the timeline item loading state 1`] = `
"<div class=\\"space-y-4\\">
  <div class=\\"h-3 w-full animate-pulse rounded-full bg-ink-200\\"></div>
  <div class=\\"flex items-center gap-x-4\\">
    <div class=\\"h-3 w-22 animate-pulse rounded-full bg-ink-200\\"></div>
    <div class=\\"flex items-center justify-center gap-x-1\\">
      <div class=\\"h-3 w-4 animate-pulse rounded-full bg-ink-200\\"></div>
      <div class=\\"h-3 w-16 animate-pulse rounded-full bg-ink-200\\"></div>
    </div>
    <div class=\\"flex items-center justify-center gap-x-1\\">
      <div class=\\"h-3 w-4 animate-pulse rounded-full bg-ink-200\\"></div>
      <div class=\\"h-3 w-16 animate-pulse rounded-full bg-ink-200\\"></div>
    </div>
    <div class=\\"flex items-center justify-center gap-x-1\\">
      <div class=\\"h-3 w-4 animate-pulse rounded-full bg-ink-200\\"></div>
      <div class=\\"h-3 w-16 animate-pulse rounded-full bg-ink-200\\"></div>
    </div>
  </div>
</div>"
`;
