// Jest Snapshot v1, https://goo.gl/fbAQLP

exports[`[[ IssueListItem ]] renders \`IssueListItem\` with all prop options 1`] = `"<basecard-stub showinfo=\\"true\\" to=\\"/gh/deepsourcelabs/bifrost/autofix/string\\" title=\\"\\" description=\\"\\" custompadding=\\"p-3\\"><template></template> <template></template> <template></template></basecard-stub>"`;

exports[`[[ IssueListItem ]] renders \`IssueListItem\` with all prop options 2`] = `"<basecard-stub showinfo=\\"true\\" to=\\"/gh/deepsourcelabs/bifrost/autofix/string\\" title=\\"\\" description=\\"\\" custompadding=\\"p-3\\"><template></template> <template></template> <template></template></basecard-stub>"`;

exports[`[[ IssueListItem ]] renders \`IssueListItem\` with all prop options 3`] = `"<basecard-stub showinfo=\\"true\\" to=\\"/gh/deepsourcelabs/bifrost/autofix/string\\" title=\\"\\" description=\\"\\" custompadding=\\"p-3\\"><template></template> <template></template> <template></template></basecard-stub>"`;

exports[`[[ IssueListItem ]] renders \`IssueListItem\` with all prop options 4`] = `"<basecard-stub showinfo=\\"true\\" to=\\"/gh/deepsourcelabs/bifrost/autofix/string\\" title=\\"\\" description=\\"\\" custompadding=\\"p-3\\"><template></template> <template></template> <template></template></basecard-stub>"`;

exports[`[[ IssueListItem ]] renders \`IssueListItem\` with all prop options 5`] = `"<basecard-stub showinfo=\\"true\\" to=\\"/gh/deepsourcelabs/bifrost/autofix/string\\" title=\\"\\" description=\\"\\" custompadding=\\"p-3\\"><template></template> <template></template> <template></template></basecard-stub>"`;

exports[`[[ IssueListItem ]] renders \`IssueListItem\` with all prop options 6`] = `"<basecard-stub showinfo=\\"true\\" to=\\"/gh/deepsourcelabs/bifrost/autofix/string\\" title=\\"\\" description=\\"\\" custompadding=\\"p-3\\"><template></template> <template></template> <template></template></basecard-stub>"`;

exports[`[[ IssueListItem ]] renders \`IssueListItem\` with all prop options 7`] = `"<basecard-stub to=\\"/gh/deepsourcelabs/bifrost/autofix/string\\" title=\\"\\" description=\\"\\" custompadding=\\"p-3\\"><template></template> <template></template> <template></template></basecard-stub>"`;

exports[`[[ IssueListItem ]] renders \`IssueListItem\` with all prop options 8`] = `"<basecard-stub to=\\"/gh/deepsourcelabs/bifrost/autofix/string\\" title=\\"\\" description=\\"\\" custompadding=\\"p-3\\"><template></template> <template></template> <template></template></basecard-stub>"`;

exports[`[[ IssueListItem ]] renders \`IssueListItem\` with all prop options 9`] = `"<basecard-stub to=\\"/gh/deepsourcelabs/bifrost/autofix/string\\" title=\\"\\" description=\\"\\" custompadding=\\"p-3\\"><template></template> <template></template> <template></template></basecard-stub>"`;

exports[`[[ IssueListItem ]] renders \`IssueListItem\` with all prop options 10`] = `"<basecard-stub to=\\"/gh/deepsourcelabs/bifrost/autofix/string\\" title=\\"\\" description=\\"\\" custompadding=\\"p-3\\"><template></template> <template></template> <template></template></basecard-stub>"`;

exports[`[[ IssueListItem ]] renders \`IssueListItem\` with all prop options 11`] = `"<basecard-stub to=\\"/gh/deepsourcelabs/bifrost/autofix/string\\" title=\\"\\" description=\\"\\" custompadding=\\"p-3\\"><template></template> <template></template> <template></template></basecard-stub>"`;

exports[`[[ IssueListItem ]] renders \`IssueListItem\` with all prop options 12`] = `"<basecard-stub to=\\"/gh/deepsourcelabs/bifrost/autofix/string\\" title=\\"\\" description=\\"\\" custompadding=\\"p-3\\"><template></template> <template></template> <template></template></basecard-stub>"`;
