// Jest Snapshot v1, https://goo.gl/fbAQLP

exports[`[[ UserProfile ]] renders UserProfile from viewer 1`] = `
"<div class=\\"space-y-4 rounded-md border border-ink-200 bg-ink-300 p-4\\">
  <div class=\\"flex w-full items-center justify-between\\">
    <div class=\\"flex h-13 items-center gap-x-4\\">
      <zavatar-stub type=\\"link\\" image=\\"/static/dashboard/images/empty-avatar.svg\\" fallbackimage=\\"test-image-dir/test-image-file.png\\" username=\\"Rohan Chaturvedi\\" size=\\"lg\\" stroke=\\"bg-ink-100 p-px\\" class=\\"flex-shrink-0\\"></zavatar-stub>
      <div class=\\"flex flex-col gap-y-1.5\\"><span class=\\"leading-6\\">Rohan Chaturvedi</span> <span class=\\"text-sm text-vanilla-400\\">rohan@deepsource.io</span></div>
    </div>
    <div class=\\"self-start\\"><button class=\\"auxillary-button h-7\\">
        <div class=\\"flex items-center gap-x-2 text-xs text-vanilla-400 hover:text-vanilla-100\\">
          <zicon-stub icon=\\"edit-2\\" size=\\"x-small\\" position=\\"\\" color=\\"vanilla-400\\"></zicon-stub> <span> Edit </span>
        </div>
      </button></div>
  </div>
  <!---->
</div>"
`;
