// Jest Snapshot v1, https://goo.gl/fbAQLP

exports[`[[ IssueList ]] renders a sample list of issue occurrences 1`] = `
"<div class=\\"flex flex-col space-y-4\\">
  <div class=\\"flex w-full flex-row-reverse gap-2 xl:flex-row\\">
    <zmenu-stub direction=\\"left\\" placement=\\"bottom\\" size=\\"base\\" width=\\"x-small\\" bodyspacing=\\"\\" triggerlabel=\\"Menu\\" itemszclass=\\"z-10\\" class=\\"text-vanilla-100 xl:hidden\\"></zmenu-stub>
    <zmenu-stub direction=\\"right\\" placement=\\"bottom\\" size=\\"base\\" width=\\"x-small\\" bodyspacing=\\"\\" triggerlabel=\\"Menu\\" itemszclass=\\"z-10\\" class=\\"hidden text-vanilla-100 xl:inline-block\\"></zmenu-stub>
    <div class=\\"h-full flex-grow xl:min-w-80\\">
      <zinput-stub name=\\"\\" value=\\"\\" label=\\"\\" type=\\"text\\" placeholder=\\"Search for issue title, file or issue code\\" debouncedelay=\\"350\\" size=\\"small\\" backgroundcolor=\\"ink-300\\" errorbordercolor=\\"cherry\\"></zinput-stub>
    </div>
  </div>
  <div class=\\"flex flex-col gap-y-3.5\\">
    <issueeditor-stub blob-url-root=\\"https://github.com/deepsourcelabs/demo-python/blob/2316e689facc8b4ea67258230b5cbce5c7d6c8d4/\\" can-ignore-issues=\\"true\\" check-id=\\"Q2hlY2s6enFkbmpv\\" check-issue-ids=\\"\\" shortcode=\\"PYL-W0102\\" id=\\"Q2hlY2tJc3N1ZTpsZWx4bWE=\\" path=\\"code.py\\" text=\\"Dangerous default value [] as argument\\" modifiedat=\\"2020-07-06T10:14:07.226091+00:00\\" createdat=\\"2020-07-06T10:14:07.226084+00:00\\" beginline=\\"48\\" begincolumn=\\"17\\" endline=\\"48\\" endcolumn=\\"17\\" sourcecodemarkup=\\"<div class=&quot;highlight&quot;></div>\\"></issueeditor-stub>
    <issueeditor-stub blob-url-root=\\"https://github.com/deepsourcelabs/demo-python/blob/2316e689facc8b4ea67258230b5cbce5c7d6c8d4/\\" can-ignore-issues=\\"true\\" check-id=\\"Q2hlY2s6enFkbmpv\\" check-issue-ids=\\"\\" shortcode=\\"PYL-W0102\\" id=\\"Q2hlY2tJc3N1ZTp5dmxqZ2Q=\\" path=\\"code.py\\" text=\\"Dangerous default value {} as argument\\" modifiedat=\\"2020-07-06T10:14:07.225798+00:00\\" createdat=\\"2020-07-06T10:14:07.225791+00:00\\" beginline=\\"29\\" begincolumn=\\"9\\" endline=\\"29\\" endcolumn=\\"9\\" sourcecodemarkup=\\"<div class=&quot;highlight&quot;></div>\\"></issueeditor-stub>
    <issueeditor-stub blob-url-root=\\"https://github.com/deepsourcelabs/demo-python/blob/2316e689facc8b4ea67258230b5cbce5c7d6c8d4/\\" can-ignore-issues=\\"true\\" check-id=\\"Q2hlY2s6enFkbmpv\\" check-issue-ids=\\"\\" shortcode=\\"PYL-W0102\\" id=\\"Q2hlY2tJc3N1ZTpta2xvcmc=\\" path=\\"code.py\\" text=\\"Dangerous default value [] as argument\\" modifiedat=\\"2020-07-06T10:14:07.225495+00:00\\" createdat=\\"2020-07-06T10:14:07.225488+00:00\\" beginline=\\"23\\" begincolumn=\\"25\\" endline=\\"23\\" endcolumn=\\"25\\" sourcecodemarkup=\\"<div class=&quot;highlight&quot;></div>\\"></issueeditor-stub>
    <!---->
  </div>
</div>"
`;
