// Jest Snapshot v1, https://goo.gl/fbAQLP

exports[`[[ IssueEditor ]] [[ Renders IssueEditor ]] 1`] = `
"<div createdat=\\"2020-07-09T08:52:13.924241+00:00\\" modifiedat=\\"2020-07-09T08:52:13.924250+00:00\\" openaccordion=\\"true\\">
  <div class=\\"z-accordion-item w-full border rounded-md border-slate-400 text-vanilla-200\\">
    <div class=\\"p-3 space-y-1 transition-all duration-100 border-b rounded-md bg-ink-300 border-slate-400 border-opacity-100 rounded-b-none\\">
      <div class=\\"flex justify-between gap-x-2\\">
        <div class=\\"w-full space-y-1 cursor-pointer has-tooltip\\" data-original-title=\\"null\\">
          <div class=\\"flex flex-grow\\"><span class=\\"flex-grow text-base font-medium text-vanilla-100 break-all\\">Pin versions in apt get install. Instead of <code class=\\"bifrost-inline-code\\">apt-get install &lt;package&gt;</code> use <code class=\\"bifrost-inline-code\\">apt-get install &lt;package&gt;=&lt;version&gt;</code></span></div>
          <div class=\\"items-center block space-y-1 sm:space-y-0 md:flex md:items-start md:space-x-4\\"><a href=\\"https://github.com/deepsourcelabs/asgard/blob/a8935a7125356db4cff400415f7061b2e5491591/Dockerfile#L17-L17\\" target=\\"_blank\\" rel=\\"noreferrer noopener\\" class=\\"flex items-baseline text-xs truncate gap-x-2 text-vanilla-400\\"><span><zicon-stub icon=\\"file-text\\" size=\\"x-small\\" position=\\"\\" color=\\"vanilla-400\\" class=\\"flex-shrink-0 -mb-0.5\\"></zicon-stub></span> <span class=\\"flex flex-wrap items-baseline max-w-lg\\">Dockerfile</span></a></div>
        </div>
        <div class=\\"flex justify-end w-12\\"><span class=\\"relative z-menu\\"><div class=\\"leading-none\\"><zbutton-stub color=\\"\\" iconcolor=\\"vanilla-400\\" label=\\"\\" loadinglabel=\\"\\" as=\\"button\\" justify=\\"center\\" buttontype=\\"ghost\\" type=\\"button\\" size=\\"small\\" to=\\"\\" icon=\\"slash\\" class=\\"-mt-1 -mr-1 focus:outline-none hover:bg-ink-200 has-tooltip\\" data-original-title=\\"null\\"></zbutton-stub></div><transition-stub enterclass=\\"sm:opacity-0 sm:scale-75\\" leaveclass=\\"sm:opacity-100 sm:scale-100\\" entertoclass=\\"sm:opacity-100 sm:scale-100\\" leavetoclass=\\"sm:opacity-0 sm:scale-75\\" enteractiveclass=\\"animate-slide-bottom-enter-active sm:animate-none sm:transition-all sm:duration-75 sm:ease-out-quad\\" leaveactiveclass=\\"animate-slide-bottom-leave-active sm:animate-none sm:transition-all sm:duration-150 sm:ease-in-quad\\"><!----></transition-stub></span></div>
      </div>
    </div>
    <div class=\\"overflow-hidden text-sm leading-6 duration-300 ease-in-out transition-max-height max-h-full\\">
      <div class=\\"flex flex-col space-y-1\\">
        <div class=\\"text-xs xl:text-sm\\">
          <div class=\\"z-code\\">
            <div class=\\"highlight\\"><pre><span class=\\"ln\\">14</span><span class=\\"err\\"></span><span class=\\"c\\"># Disable virtualenv creation</span><span class=\\"err\\"></span>
<span class=\\"ln\\">15</span><span class=\\"err\\"></span><span class=\\"k\\">RUN</span> poetry config virtualenvs.create false<span class=\\"err\\"></span>
<span class=\\"ln\\">16</span><span class=\\"err\\"></span><span class=\\"err\\"></span>
<span class=\\"hl\\"><span class=\\"ln\\">17</span><span class=\\"err\\"></span><span class=\\"k\\">RUN</span> apt-get update <span class=\\"o\\">&amp;&amp;</span> apt-get install -qq -y <span class=\\"se\\"></span></span><span class=\\"ln\\">18</span><span class=\\"se\\"></span>  build-essential git libpq-dev curl cron --no-install-recommends <span class=\\"se\\"></span>
<span class=\\"ln\\">19</span><span class=\\"se\\"></span>  <span class=\\"o\\">&amp;&amp;</span> rm -rf /var/lib/apt/lists/*<span class=\\"err\\"></span>
<span class=\\"ln\\">20</span><span class=\\"err\\"></span><span class=\\"err\\"></span></pre>
            </div>
          </div>
        </div>
      </div>
    </div>
  </div>
  <!---->
  <!---->
  <!---->
</div>"
`;

exports[`[[ IssueEditor ]] [[ Renders IssueEditor ]] 2`] = `
"<div createdat=\\"2020-07-09T08:52:13.924241+00:00\\" modifiedat=\\"2020-07-09T08:52:13.924250+00:00\\" openaccordion=\\"true\\">
  <div class=\\"z-accordion-item w-full border rounded-md border-slate-400 text-vanilla-200\\">
    <div class=\\"p-3 space-y-1 transition-all duration-100 border-b rounded-md bg-ink-300 border-slate-400 border-opacity-100 rounded-b-none\\">
      <div class=\\"flex justify-between gap-x-2\\">
        <div class=\\"w-full space-y-1 cursor-pointer has-tooltip\\" data-original-title=\\"null\\">
          <div class=\\"flex flex-grow\\"><span class=\\"flex-grow text-base font-medium text-vanilla-100 break-all\\">Pin versions in apt get install. Instead of <code class=\\"bifrost-inline-code\\">apt-get install &lt;package&gt;</code> use <code class=\\"bifrost-inline-code\\">apt-get install &lt;package&gt;=&lt;version&gt;</code></span></div>
          <div class=\\"items-center block space-y-1 sm:space-y-0 md:flex md:items-start md:space-x-4\\"><a href=\\"https://github.com/deepsourcelabs/asgard/blob/a8935a7125356db4cff400415f7061b2e5491591/Dockerfile#L17-L17\\" target=\\"_blank\\" rel=\\"noreferrer noopener\\" class=\\"flex items-baseline text-xs truncate gap-x-2 text-vanilla-400\\"><span><zicon-stub icon=\\"file-text\\" size=\\"x-small\\" position=\\"\\" color=\\"vanilla-400\\" class=\\"flex-shrink-0 -mb-0.5\\"></zicon-stub></span> <span class=\\"flex flex-wrap items-baseline max-w-lg\\">Dockerfile</span></a></div>
        </div>
        <div class=\\"flex justify-end w-12\\"><span class=\\"relative z-menu\\"><div class=\\"leading-none\\"><zbutton-stub color=\\"\\" iconcolor=\\"vanilla-400\\" label=\\"\\" loadinglabel=\\"\\" as=\\"button\\" justify=\\"center\\" buttontype=\\"ghost\\" type=\\"button\\" size=\\"small\\" to=\\"\\" icon=\\"slash\\" class=\\"-mt-1 -mr-1 focus:outline-none hover:bg-ink-200 has-tooltip\\" data-original-title=\\"null\\"></zbutton-stub></div><transition-stub enterclass=\\"sm:opacity-0 sm:scale-75\\" leaveclass=\\"sm:opacity-100 sm:scale-100\\" entertoclass=\\"sm:opacity-100 sm:scale-100\\" leavetoclass=\\"sm:opacity-0 sm:scale-75\\" enteractiveclass=\\"animate-slide-bottom-enter-active sm:animate-none sm:transition-all sm:duration-75 sm:ease-out-quad\\" leaveactiveclass=\\"animate-slide-bottom-leave-active sm:animate-none sm:transition-all sm:duration-150 sm:ease-in-quad\\"><!----></transition-stub></span></div>
      </div>
    </div>
    <div class=\\"overflow-hidden text-sm leading-6 duration-300 ease-in-out transition-max-height max-h-full\\">
      <div class=\\"flex flex-col space-y-1\\">
        <div class=\\"text-xs xl:text-sm\\">
          <div class=\\"z-code\\">
            <div class=\\"highlight\\"><pre><span class=\\"ln\\">14</span><span class=\\"err\\"></span><span class=\\"c\\"># Disable virtualenv creation</span><span class=\\"err\\"></span>
<span class=\\"ln\\">15</span><span class=\\"err\\"></span><span class=\\"k\\">RUN</span> poetry config virtualenvs.create false<span class=\\"err\\"></span>
<span class=\\"ln\\">16</span><span class=\\"err\\"></span><span class=\\"err\\"></span>
<span class=\\"hl\\"><span class=\\"ln\\">17</span><span class=\\"err\\"></span><span class=\\"k\\">RUN</span> apt-get update <span class=\\"o\\">&amp;&amp;</span> apt-get install -qq -y <span class=\\"se\\"></span></span><span class=\\"ln\\">18</span><span class=\\"se\\"></span>  build-essential git libpq-dev curl cron --no-install-recommends <span class=\\"se\\"></span>
<span class=\\"ln\\">19</span><span class=\\"se\\"></span>  <span class=\\"o\\">&amp;&amp;</span> rm -rf /var/lib/apt/lists/*<span class=\\"err\\"></span>
<span class=\\"ln\\">20</span><span class=\\"err\\"></span><span class=\\"err\\"></span></pre>
            </div>
          </div>
        </div>
      </div>
    </div>
  </div>
  <!---->
  <!---->
  <!---->
</div>"
`;

exports[`[[ IssueEditor ]] [[ Renders IssueEditor ]] 3`] = `
"<div createdat=\\"2020-07-09T08:52:13.924241+00:00\\" modifiedat=\\"2020-07-09T08:52:13.924250+00:00\\">
  <div class=\\"z-accordion-item w-full border rounded-md border-slate-400 text-vanilla-200\\">
    <div class=\\"p-3 space-y-1 transition-all duration-100 border-b rounded-md bg-ink-300 border-slate-400 border-opacity-100 rounded-b-none\\">
      <div class=\\"flex justify-between gap-x-2\\">
        <div class=\\"w-full space-y-1 cursor-pointer has-tooltip\\" data-original-title=\\"null\\">
          <div class=\\"flex flex-grow\\"><span class=\\"flex-grow text-base font-medium text-vanilla-100 break-all\\">Pin versions in apt get install. Instead of <code class=\\"bifrost-inline-code\\">apt-get install &lt;package&gt;</code> use <code class=\\"bifrost-inline-code\\">apt-get install &lt;package&gt;=&lt;version&gt;</code></span></div>
          <div class=\\"items-center block space-y-1 sm:space-y-0 md:flex md:items-start md:space-x-4\\"><a href=\\"https://github.com/deepsourcelabs/asgard/blob/a8935a7125356db4cff400415f7061b2e5491591/Dockerfile#L17-L17\\" target=\\"_blank\\" rel=\\"noreferrer noopener\\" class=\\"flex items-baseline text-xs truncate gap-x-2 text-vanilla-400\\"><span><zicon-stub icon=\\"file-text\\" size=\\"x-small\\" position=\\"\\" color=\\"vanilla-400\\" class=\\"flex-shrink-0 -mb-0.5\\"></zicon-stub></span> <span class=\\"flex flex-wrap items-baseline max-w-lg\\">Dockerfile</span></a></div>
        </div>
        <div class=\\"flex justify-end w-12\\"><span class=\\"relative z-menu\\"><div class=\\"leading-none\\"><zbutton-stub color=\\"\\" iconcolor=\\"vanilla-400\\" label=\\"\\" loadinglabel=\\"\\" as=\\"button\\" justify=\\"center\\" buttontype=\\"ghost\\" type=\\"button\\" size=\\"small\\" to=\\"\\" icon=\\"slash\\" class=\\"-mt-1 -mr-1 focus:outline-none hover:bg-ink-200 has-tooltip\\" data-original-title=\\"null\\"></zbutton-stub></div><transition-stub enterclass=\\"sm:opacity-0 sm:scale-75\\" leaveclass=\\"sm:opacity-100 sm:scale-100\\" entertoclass=\\"sm:opacity-100 sm:scale-100\\" leavetoclass=\\"sm:opacity-0 sm:scale-75\\" enteractiveclass=\\"animate-slide-bottom-enter-active sm:animate-none sm:transition-all sm:duration-75 sm:ease-out-quad\\" leaveactiveclass=\\"animate-slide-bottom-leave-active sm:animate-none sm:transition-all sm:duration-150 sm:ease-in-quad\\"><!----></transition-stub></span></div>
      </div>
    </div>
    <div class=\\"overflow-hidden text-sm leading-6 duration-300 ease-in-out transition-max-height max-h-full\\">
      <div class=\\"flex flex-col space-y-1\\">
        <div class=\\"text-xs xl:text-sm\\">
          <div class=\\"z-code\\">
            <div class=\\"highlight\\"><pre><span class=\\"ln\\">14</span><span class=\\"err\\"></span><span class=\\"c\\"># Disable virtualenv creation</span><span class=\\"err\\"></span>
<span class=\\"ln\\">15</span><span class=\\"err\\"></span><span class=\\"k\\">RUN</span> poetry config virtualenvs.create false<span class=\\"err\\"></span>
<span class=\\"ln\\">16</span><span class=\\"err\\"></span><span class=\\"err\\"></span>
<span class=\\"hl\\"><span class=\\"ln\\">17</span><span class=\\"err\\"></span><span class=\\"k\\">RUN</span> apt-get update <span class=\\"o\\">&amp;&amp;</span> apt-get install -qq -y <span class=\\"se\\"></span></span><span class=\\"ln\\">18</span><span class=\\"se\\"></span>  build-essential git libpq-dev curl cron --no-install-recommends <span class=\\"se\\"></span>
<span class=\\"ln\\">19</span><span class=\\"se\\"></span>  <span class=\\"o\\">&amp;&amp;</span> rm -rf /var/lib/apt/lists/*<span class=\\"err\\"></span>
<span class=\\"ln\\">20</span><span class=\\"err\\"></span><span class=\\"err\\"></span></pre>
            </div>
          </div>
        </div>
      </div>
    </div>
  </div>
  <!---->
  <!---->
  <!---->
</div>"
`;

exports[`[[ IssueEditor ]] [[ Renders IssueEditor ]] 4`] = `
"<div createdat=\\"2020-07-09T08:52:13.924241+00:00\\" modifiedat=\\"2020-07-09T08:52:13.924250+00:00\\">
  <div class=\\"z-accordion-item w-full border rounded-md border-slate-400 text-vanilla-200\\">
    <div class=\\"p-3 space-y-1 transition-all duration-100 border-b rounded-md bg-ink-300 border-slate-400 border-opacity-100 rounded-b-none\\">
      <div class=\\"flex justify-between gap-x-2\\">
        <div class=\\"w-full space-y-1 cursor-pointer has-tooltip\\" data-original-title=\\"null\\">
          <div class=\\"flex flex-grow\\"><span class=\\"flex-grow text-base font-medium text-vanilla-100 break-all\\">Pin versions in apt get install. Instead of <code class=\\"bifrost-inline-code\\">apt-get install &lt;package&gt;</code> use <code class=\\"bifrost-inline-code\\">apt-get install &lt;package&gt;=&lt;version&gt;</code></span></div>
          <div class=\\"items-center block space-y-1 sm:space-y-0 md:flex md:items-start md:space-x-4\\"><a href=\\"https://github.com/deepsourcelabs/asgard/blob/a8935a7125356db4cff400415f7061b2e5491591/Dockerfile#L17-L17\\" target=\\"_blank\\" rel=\\"noreferrer noopener\\" class=\\"flex items-baseline text-xs truncate gap-x-2 text-vanilla-400\\"><span><zicon-stub icon=\\"file-text\\" size=\\"x-small\\" position=\\"\\" color=\\"vanilla-400\\" class=\\"flex-shrink-0 -mb-0.5\\"></zicon-stub></span> <span class=\\"flex flex-wrap items-baseline max-w-lg\\">Dockerfile</span></a></div>
        </div>
        <div class=\\"flex justify-end w-12\\"><span class=\\"relative z-menu\\"><div class=\\"leading-none\\"><zbutton-stub color=\\"\\" iconcolor=\\"vanilla-400\\" label=\\"\\" loadinglabel=\\"\\" as=\\"button\\" justify=\\"center\\" buttontype=\\"ghost\\" type=\\"button\\" size=\\"small\\" to=\\"\\" icon=\\"slash\\" class=\\"-mt-1 -mr-1 focus:outline-none hover:bg-ink-200 has-tooltip\\" data-original-title=\\"null\\"></zbutton-stub></div><transition-stub enterclass=\\"sm:opacity-0 sm:scale-75\\" leaveclass=\\"sm:opacity-100 sm:scale-100\\" entertoclass=\\"sm:opacity-100 sm:scale-100\\" leavetoclass=\\"sm:opacity-0 sm:scale-75\\" enteractiveclass=\\"animate-slide-bottom-enter-active sm:animate-none sm:transition-all sm:duration-75 sm:ease-out-quad\\" leaveactiveclass=\\"animate-slide-bottom-leave-active sm:animate-none sm:transition-all sm:duration-150 sm:ease-in-quad\\"><!----></transition-stub></span></div>
      </div>
    </div>
    <div class=\\"overflow-hidden text-sm leading-6 duration-300 ease-in-out transition-max-height max-h-full\\">
      <div class=\\"flex flex-col space-y-1\\">
        <div class=\\"text-xs xl:text-sm\\">
          <div class=\\"z-code\\">
            <div class=\\"highlight\\"><pre><span class=\\"ln\\">14</span><span class=\\"err\\"></span><span class=\\"c\\"># Disable virtualenv creation</span><span class=\\"err\\"></span>
<span class=\\"ln\\">15</span><span class=\\"err\\"></span><span class=\\"k\\">RUN</span> poetry config virtualenvs.create false<span class=\\"err\\"></span>
<span class=\\"ln\\">16</span><span class=\\"err\\"></span><span class=\\"err\\"></span>
<span class=\\"hl\\"><span class=\\"ln\\">17</span><span class=\\"err\\"></span><span class=\\"k\\">RUN</span> apt-get update <span class=\\"o\\">&amp;&amp;</span> apt-get install -qq -y <span class=\\"se\\"></span></span><span class=\\"ln\\">18</span><span class=\\"se\\"></span>  build-essential git libpq-dev curl cron --no-install-recommends <span class=\\"se\\"></span>
<span class=\\"ln\\">19</span><span class=\\"se\\"></span>  <span class=\\"o\\">&amp;&amp;</span> rm -rf /var/lib/apt/lists/*<span class=\\"err\\"></span>
<span class=\\"ln\\">20</span><span class=\\"err\\"></span><span class=\\"err\\"></span></pre>
            </div>
          </div>
        </div>
      </div>
    </div>
  </div>
  <!---->
  <!---->
  <!---->
</div>"
`;

exports[`[[ IssueEditor ]] [[ Renders IssueEditor ]] 5`] = `
"<div createdat=\\"2020-07-09T08:52:13.924241+00:00\\" modifiedat=\\"2020-07-09T08:52:13.924250+00:00\\" openaccordion=\\"true\\">
  <div class=\\"z-accordion-item w-full border rounded-md border-slate-400 text-vanilla-200\\">
    <div class=\\"p-3 space-y-1 transition-all duration-100 border-b rounded-md bg-ink-300 border-slate-400 border-opacity-100 rounded-b-none\\">
      <div class=\\"flex justify-between gap-x-2\\">
        <div class=\\"w-full space-y-1 cursor-pointer has-tooltip\\" data-original-title=\\"null\\">
          <div class=\\"flex flex-grow\\"><span class=\\"flex-grow text-base font-medium text-vanilla-100 break-all\\">Pin versions in apt get install. Instead of <code class=\\"bifrost-inline-code\\">apt-get install &lt;package&gt;</code> use <code class=\\"bifrost-inline-code\\">apt-get install &lt;package&gt;=&lt;version&gt;</code></span></div>
          <div class=\\"items-center block space-y-1 sm:space-y-0 md:flex md:items-start md:space-x-4\\"><a href=\\"https://github.com/deepsourcelabs/asgard/blob/a8935a7125356db4cff400415f7061b2e5491591/Dockerfile#L17-L17\\" target=\\"_blank\\" rel=\\"noreferrer noopener\\" class=\\"flex items-baseline text-xs truncate gap-x-2 text-vanilla-400\\"><span><zicon-stub icon=\\"file-text\\" size=\\"x-small\\" position=\\"\\" color=\\"vanilla-400\\" class=\\"flex-shrink-0 -mb-0.5\\"></zicon-stub></span> <span class=\\"flex flex-wrap items-baseline max-w-lg\\">Dockerfile</span></a></div>
        </div>
        <!---->
      </div>
    </div>
    <div class=\\"overflow-hidden text-sm leading-6 duration-300 ease-in-out transition-max-height max-h-full\\">
      <div class=\\"flex flex-col space-y-1\\">
        <div class=\\"text-xs xl:text-sm\\">
          <div class=\\"z-code\\">
            <div class=\\"highlight\\"><pre><span class=\\"ln\\">14</span><span class=\\"err\\"></span><span class=\\"c\\"># Disable virtualenv creation</span><span class=\\"err\\"></span>
<span class=\\"ln\\">15</span><span class=\\"err\\"></span><span class=\\"k\\">RUN</span> poetry config virtualenvs.create false<span class=\\"err\\"></span>
<span class=\\"ln\\">16</span><span class=\\"err\\"></span><span class=\\"err\\"></span>
<span class=\\"hl\\"><span class=\\"ln\\">17</span><span class=\\"err\\"></span><span class=\\"k\\">RUN</span> apt-get update <span class=\\"o\\">&amp;&amp;</span> apt-get install -qq -y <span class=\\"se\\"></span></span><span class=\\"ln\\">18</span><span class=\\"se\\"></span>  build-essential git libpq-dev curl cron --no-install-recommends <span class=\\"se\\"></span>
<span class=\\"ln\\">19</span><span class=\\"se\\"></span>  <span class=\\"o\\">&amp;&amp;</span> rm -rf /var/lib/apt/lists/*<span class=\\"err\\"></span>
<span class=\\"ln\\">20</span><span class=\\"err\\"></span><span class=\\"err\\"></span></pre>
            </div>
          </div>
        </div>
      </div>
    </div>
  </div>
  <!---->
  <!---->
  <!---->
</div>"
`;

exports[`[[ IssueEditor ]] [[ Renders IssueEditor ]] 6`] = `
"<div createdat=\\"2020-07-09T08:52:13.924241+00:00\\" modifiedat=\\"2020-07-09T08:52:13.924250+00:00\\" openaccordion=\\"true\\">
  <div class=\\"z-accordion-item w-full border rounded-md border-slate-400 text-vanilla-200\\">
    <div class=\\"p-3 space-y-1 transition-all duration-100 border-b rounded-md bg-ink-300 border-slate-400 border-opacity-100 rounded-b-none\\">
      <div class=\\"flex justify-between gap-x-2\\">
        <div class=\\"w-full space-y-1 cursor-pointer has-tooltip\\" data-original-title=\\"null\\">
          <div class=\\"flex flex-grow\\"><span class=\\"flex-grow text-base font-medium text-vanilla-100 break-all\\">Pin versions in apt get install. Instead of <code class=\\"bifrost-inline-code\\">apt-get install &lt;package&gt;</code> use <code class=\\"bifrost-inline-code\\">apt-get install &lt;package&gt;=&lt;version&gt;</code></span></div>
          <div class=\\"items-center block space-y-1 sm:space-y-0 md:flex md:items-start md:space-x-4\\"><a href=\\"https://github.com/deepsourcelabs/asgard/blob/a8935a7125356db4cff400415f7061b2e5491591/Dockerfile#L17-L17\\" target=\\"_blank\\" rel=\\"noreferrer noopener\\" class=\\"flex items-baseline text-xs truncate gap-x-2 text-vanilla-400\\"><span><zicon-stub icon=\\"file-text\\" size=\\"x-small\\" position=\\"\\" color=\\"vanilla-400\\" class=\\"flex-shrink-0 -mb-0.5\\"></zicon-stub></span> <span class=\\"flex flex-wrap items-baseline max-w-lg\\">Dockerfile</span></a></div>
        </div>
        <!---->
      </div>
    </div>
    <div class=\\"overflow-hidden text-sm leading-6 duration-300 ease-in-out transition-max-height max-h-full\\">
      <div class=\\"flex flex-col space-y-1\\">
        <div class=\\"text-xs xl:text-sm\\">
          <div class=\\"z-code\\">
            <div class=\\"highlight\\"><pre><span class=\\"ln\\">14</span><span class=\\"err\\"></span><span class=\\"c\\"># Disable virtualenv creation</span><span class=\\"err\\"></span>
<span class=\\"ln\\">15</span><span class=\\"err\\"></span><span class=\\"k\\">RUN</span> poetry config virtualenvs.create false<span class=\\"err\\"></span>
<span class=\\"ln\\">16</span><span class=\\"err\\"></span><span class=\\"err\\"></span>
<span class=\\"hl\\"><span class=\\"ln\\">17</span><span class=\\"err\\"></span><span class=\\"k\\">RUN</span> apt-get update <span class=\\"o\\">&amp;&amp;</span> apt-get install -qq -y <span class=\\"se\\"></span></span><span class=\\"ln\\">18</span><span class=\\"se\\"></span>  build-essential git libpq-dev curl cron --no-install-recommends <span class=\\"se\\"></span>
<span class=\\"ln\\">19</span><span class=\\"se\\"></span>  <span class=\\"o\\">&amp;&amp;</span> rm -rf /var/lib/apt/lists/*<span class=\\"err\\"></span>
<span class=\\"ln\\">20</span><span class=\\"err\\"></span><span class=\\"err\\"></span></pre>
            </div>
          </div>
        </div>
      </div>
    </div>
  </div>
  <!---->
  <!---->
  <!---->
</div>"
`;

exports[`[[ IssueEditor ]] [[ Renders IssueEditor ]] 7`] = `
"<div createdat=\\"2020-07-09T08:52:13.924241+00:00\\" modifiedat=\\"2020-07-09T08:52:13.924250+00:00\\">
  <div class=\\"z-accordion-item w-full border rounded-md border-slate-400 text-vanilla-200\\">
    <div class=\\"p-3 space-y-1 transition-all duration-100 border-b rounded-md bg-ink-300 border-slate-400 border-opacity-100 rounded-b-none\\">
      <div class=\\"flex justify-between gap-x-2\\">
        <div class=\\"w-full space-y-1 cursor-pointer has-tooltip\\" data-original-title=\\"null\\">
          <div class=\\"flex flex-grow\\"><span class=\\"flex-grow text-base font-medium text-vanilla-100 break-all\\">Pin versions in apt get install. Instead of <code class=\\"bifrost-inline-code\\">apt-get install &lt;package&gt;</code> use <code class=\\"bifrost-inline-code\\">apt-get install &lt;package&gt;=&lt;version&gt;</code></span></div>
          <div class=\\"items-center block space-y-1 sm:space-y-0 md:flex md:items-start md:space-x-4\\"><a href=\\"https://github.com/deepsourcelabs/asgard/blob/a8935a7125356db4cff400415f7061b2e5491591/Dockerfile#L17-L17\\" target=\\"_blank\\" rel=\\"noreferrer noopener\\" class=\\"flex items-baseline text-xs truncate gap-x-2 text-vanilla-400\\"><span><zicon-stub icon=\\"file-text\\" size=\\"x-small\\" position=\\"\\" color=\\"vanilla-400\\" class=\\"flex-shrink-0 -mb-0.5\\"></zicon-stub></span> <span class=\\"flex flex-wrap items-baseline max-w-lg\\">Dockerfile</span></a></div>
        </div>
        <!---->
      </div>
    </div>
    <div class=\\"overflow-hidden text-sm leading-6 duration-300 ease-in-out transition-max-height max-h-full\\">
      <div class=\\"flex flex-col space-y-1\\">
        <div class=\\"text-xs xl:text-sm\\">
          <div class=\\"z-code\\">
            <div class=\\"highlight\\"><pre><span class=\\"ln\\">14</span><span class=\\"err\\"></span><span class=\\"c\\"># Disable virtualenv creation</span><span class=\\"err\\"></span>
<span class=\\"ln\\">15</span><span class=\\"err\\"></span><span class=\\"k\\">RUN</span> poetry config virtualenvs.create false<span class=\\"err\\"></span>
<span class=\\"ln\\">16</span><span class=\\"err\\"></span><span class=\\"err\\"></span>
<span class=\\"hl\\"><span class=\\"ln\\">17</span><span class=\\"err\\"></span><span class=\\"k\\">RUN</span> apt-get update <span class=\\"o\\">&amp;&amp;</span> apt-get install -qq -y <span class=\\"se\\"></span></span><span class=\\"ln\\">18</span><span class=\\"se\\"></span>  build-essential git libpq-dev curl cron --no-install-recommends <span class=\\"se\\"></span>
<span class=\\"ln\\">19</span><span class=\\"se\\"></span>  <span class=\\"o\\">&amp;&amp;</span> rm -rf /var/lib/apt/lists/*<span class=\\"err\\"></span>
<span class=\\"ln\\">20</span><span class=\\"err\\"></span><span class=\\"err\\"></span></pre>
            </div>
          </div>
        </div>
      </div>
    </div>
  </div>
  <!---->
  <!---->
  <!---->
</div>"
`;

exports[`[[ IssueEditor ]] [[ Renders IssueEditor ]] 8`] = `
"<div createdat=\\"2020-07-09T08:52:13.924241+00:00\\" modifiedat=\\"2020-07-09T08:52:13.924250+00:00\\">
  <div class=\\"z-accordion-item w-full border rounded-md border-slate-400 text-vanilla-200\\">
    <div class=\\"p-3 space-y-1 transition-all duration-100 border-b rounded-md bg-ink-300 border-slate-400 border-opacity-100 rounded-b-none\\">
      <div class=\\"flex justify-between gap-x-2\\">
        <div class=\\"w-full space-y-1 cursor-pointer has-tooltip\\" data-original-title=\\"null\\">
          <div class=\\"flex flex-grow\\"><span class=\\"flex-grow text-base font-medium text-vanilla-100 break-all\\">Pin versions in apt get install. Instead of <code class=\\"bifrost-inline-code\\">apt-get install &lt;package&gt;</code> use <code class=\\"bifrost-inline-code\\">apt-get install &lt;package&gt;=&lt;version&gt;</code></span></div>
          <div class=\\"items-center block space-y-1 sm:space-y-0 md:flex md:items-start md:space-x-4\\"><a href=\\"https://github.com/deepsourcelabs/asgard/blob/a8935a7125356db4cff400415f7061b2e5491591/Dockerfile#L17-L17\\" target=\\"_blank\\" rel=\\"noreferrer noopener\\" class=\\"flex items-baseline text-xs truncate gap-x-2 text-vanilla-400\\"><span><zicon-stub icon=\\"file-text\\" size=\\"x-small\\" position=\\"\\" color=\\"vanilla-400\\" class=\\"flex-shrink-0 -mb-0.5\\"></zicon-stub></span> <span class=\\"flex flex-wrap items-baseline max-w-lg\\">Dockerfile</span></a></div>
        </div>
        <!---->
      </div>
    </div>
    <div class=\\"overflow-hidden text-sm leading-6 duration-300 ease-in-out transition-max-height max-h-full\\">
      <div class=\\"flex flex-col space-y-1\\">
        <div class=\\"text-xs xl:text-sm\\">
          <div class=\\"z-code\\">
            <div class=\\"highlight\\"><pre><span class=\\"ln\\">14</span><span class=\\"err\\"></span><span class=\\"c\\"># Disable virtualenv creation</span><span class=\\"err\\"></span>
<span class=\\"ln\\">15</span><span class=\\"err\\"></span><span class=\\"k\\">RUN</span> poetry config virtualenvs.create false<span class=\\"err\\"></span>
<span class=\\"ln\\">16</span><span class=\\"err\\"></span><span class=\\"err\\"></span>
<span class=\\"hl\\"><span class=\\"ln\\">17</span><span class=\\"err\\"></span><span class=\\"k\\">RUN</span> apt-get update <span class=\\"o\\">&amp;&amp;</span> apt-get install -qq -y <span class=\\"se\\"></span></span><span class=\\"ln\\">18</span><span class=\\"se\\"></span>  build-essential git libpq-dev curl cron --no-install-recommends <span class=\\"se\\"></span>
<span class=\\"ln\\">19</span><span class=\\"se\\"></span>  <span class=\\"o\\">&amp;&amp;</span> rm -rf /var/lib/apt/lists/*<span class=\\"err\\"></span>
<span class=\\"ln\\">20</span><span class=\\"err\\"></span><span class=\\"err\\"></span></pre>
            </div>
          </div>
        </div>
      </div>
    </div>
  </div>
  <!---->
  <!---->
  <!---->
</div>"
`;
